// 重构日志: 557ce1e2
// 重构日志: 4f867024
// 同步 ID: 087c8933 @ Sun Jul 26 01:05:20 UTC 2026
// 同步 ID: 320aa389 @ Sun Jul 26 08:30:26 UTC 2026
// 同步 ID: 71c13a92 @ Sun Jul 26 15:58:53 UTC 2026
// 重构日志: a730341d
// 同步 ID: 19f3e45b @ Mon Jul 27 11:48:09 UTC 2026
// 重构日志: d2f4a859
// 重构日志: e38185a7
// 重构日志: d7ffab25
// 重构日志: 215a49d5
// 重构日志: 45d4cbba
// 重构日志: 44358300
// 同步 ID: b4f030b8 @ Wed Jul 29 22:46:51 UTC 2026
// 重构日志: 8cabe7f2
// 重构日志: 93630ec7
// 重构日志: 4efd664a
// 同步 ID: b1096061 @ Sat Aug  1 17:54:24 UTC 2026
// 重构日志: 2fa09c39
// 同步 ID: f1dea3e1 @ Sun Aug  2 12:23:38 UTC 2026
// 重构日志: 912df0ce
// 重构日志: c5882f3c
// 重构日志: afd3d710
// 重构日志: 85ad3796
// 同步 ID: 73d8199e @ Tue Aug  4 07:21:43 UTC 2026
// 同步 ID: 4e7c64d8 @ Tue Aug  4 15:52:42 UTC 2026
// 重构日志: 8aedd356
// 重构日志: 43d12f20
// 重构日志: a143b813
// 同步 ID: 7d237836 @ Thu Aug  6 16:32:02 UTC 2026
